[env] device=cuda torch=2.3.1+cu121
[data] loading train + test dataset
[data] train_full=160000  test=25557
[split] train=144000 val=16000
[data] computing class weights from train labels…
sample:   0%|          | 0/5000 [00:00<?, ?it/s]sample:   9%|▊         | 431/5000 [00:00<00:01, 4308.90it/s]sample:  18%|█▊        | 879/5000 [00:00<00:00, 4406.67it/s]sample:  26%|██▋       | 1320/5000 [00:00<00:00, 4397.05it/s]sample:  35%|███▌      | 1767/5000 [00:00<00:00, 4420.84it/s]sample:  44%|████▍     | 2220/5000 [00:00<00:00, 4458.26it/s]sample:  54%|█████▎    | 2676/5000 [00:00<00:00, 4492.38it/s]sample:  63%|██████▎   | 3137/5000 [00:00<00:00, 4529.06it/s]sample:  72%|███████▏  | 3590/5000 [00:00<00:00, 4522.79it/s]sample:  81%|████████  | 4049/5000 [00:00<00:00, 4541.06it/s]sample:  90%|█████████ | 4507/5000 [00:01<00:00, 4550.11it/s]sample:  99%|█████████▉| 4963/5000 [00:01<00:00, 4545.29it/s]sample: 100%|██████████| 5000/5000 [00:01<00:00, 4499.31it/s]
[data] sampled label dist={0: 608, 1: 633, 2: 638, 3: 613, 4: 637, 5: 606, 6: 618, 7: 647}
[data] class weights (normalized) = [1.0274006128311157, 0.9868239164352417, 0.9790902137756348, 1.019020438194275, 0.9806272387504578, 1.0307912826538086, 1.0107760429382324, 0.9654707312583923]
[model] HeteroGNN_Edge params=431,704
Epoch  1: tr_acc=0.9009 tr_loss=0.2702 val_acc=0.9395 val_loss=0.1518 lr=0.00500 dt=21.5s *best*
Epoch  2: tr_acc=0.9375 tr_loss=0.1633 val_acc=0.9354 val_loss=0.1524 lr=0.00498 dt=21.1s
Epoch  3: tr_acc=0.9452 tr_loss=0.1443 val_acc=0.9533 val_loss=0.1217 lr=0.00496 dt=21.0s *best*
Epoch  4: tr_acc=0.9505 tr_loss=0.1299 val_acc=0.9567 val_loss=0.1201 lr=0.00492 dt=20.9s *best*
Epoch  5: tr_acc=0.9542 tr_loss=0.1227 val_acc=0.9569 val_loss=0.1079 lr=0.00488 dt=21.2s *best*
Epoch  6: tr_acc=0.9567 tr_loss=0.1135 val_acc=0.9657 val_loss=0.0973 lr=0.00482 dt=21.1s *best*
Epoch  7: tr_acc=0.9587 tr_loss=0.1086 val_acc=0.9604 val_loss=0.0974 lr=0.00476 dt=21.2s
Epoch  8: tr_acc=0.9607 tr_loss=0.1037 val_acc=0.9661 val_loss=0.0931 lr=0.00469 dt=21.2s *best*
Epoch  9: tr_acc=0.9630 tr_loss=0.0981 val_acc=0.9676 val_loss=0.0953 lr=0.00461 dt=21.4s *best*
Epoch 10: tr_acc=0.9623 tr_loss=0.0981 val_acc=0.9686 val_loss=0.0904 lr=0.00452 dt=21.4s *best*
Epoch 11: tr_acc=0.9646 tr_loss=0.0938 val_acc=0.9707 val_loss=0.0889 lr=0.00443 dt=21.1s *best*
Epoch 12: tr_acc=0.9665 tr_loss=0.0901 val_acc=0.9720 val_loss=0.0850 lr=0.00432 dt=21.0s *best*
Epoch 13: tr_acc=0.9646 tr_loss=0.0904 val_acc=0.9645 val_loss=0.0901 lr=0.00421 dt=21.2s
Epoch 14: tr_acc=0.9670 tr_loss=0.0849 val_acc=0.9684 val_loss=0.0840 lr=0.00410 dt=20.9s
Epoch 15: tr_acc=0.9695 tr_loss=0.0822 val_acc=0.9726 val_loss=0.0809 lr=0.00397 dt=21.2s *best*
Epoch 16: tr_acc=0.9719 tr_loss=0.0762 val_acc=0.9725 val_loss=0.0762 lr=0.00384 dt=21.4s
Epoch 17: tr_acc=0.9725 tr_loss=0.0742 val_acc=0.9726 val_loss=0.0775 lr=0.00371 dt=21.1s
Epoch 18: tr_acc=0.9704 tr_loss=0.0753 val_acc=0.9716 val_loss=0.0747 lr=0.00357 dt=20.9s
Epoch 19: tr_acc=0.9743 tr_loss=0.0688 val_acc=0.9763 val_loss=0.0722 lr=0.00342 dt=21.1s *best*
Epoch 20: tr_acc=0.9751 tr_loss=0.0672 val_acc=0.9779 val_loss=0.0742 lr=0.00328 dt=20.7s *best*
Epoch 21: tr_acc=0.9752 tr_loss=0.0667 val_acc=0.9774 val_loss=0.0720 lr=0.00313 dt=21.0s
Epoch 22: tr_acc=0.9763 tr_loss=0.0649 val_acc=0.9746 val_loss=0.0726 lr=0.00297 dt=21.1s
Epoch 23: tr_acc=0.9771 tr_loss=0.0628 val_acc=0.9756 val_loss=0.0723 lr=0.00282 dt=21.1s
Epoch 24: tr_acc=0.9760 tr_loss=0.0629 val_acc=0.9770 val_loss=0.0713 lr=0.00266 dt=21.4s
Epoch 25: tr_acc=0.9784 tr_loss=0.0584 val_acc=0.9732 val_loss=0.0790 lr=0.00251 dt=21.0s
Epoch 26: tr_acc=0.9793 tr_loss=0.0568 val_acc=0.9796 val_loss=0.0701 lr=0.00235 dt=21.0s *best*
Epoch 27: tr_acc=0.9789 tr_loss=0.0566 val_acc=0.9801 val_loss=0.0695 lr=0.00219 dt=20.9s *best*
Epoch 28: tr_acc=0.9792 tr_loss=0.0575 val_acc=0.9805 val_loss=0.0645 lr=0.00204 dt=20.9s *best*
Epoch 29: tr_acc=0.9806 tr_loss=0.0521 val_acc=0.9788 val_loss=0.0649 lr=0.00188 dt=20.7s
Epoch 30: tr_acc=0.9819 tr_loss=0.0500 val_acc=0.9798 val_loss=0.0638 lr=0.00173 dt=20.8s
Epoch 31: tr_acc=0.9817 tr_loss=0.0502 val_acc=0.9806 val_loss=0.0597 lr=0.00159 dt=21.0s *best*
Epoch 32: tr_acc=0.9816 tr_loss=0.0489 val_acc=0.9809 val_loss=0.0654 lr=0.00144 dt=20.7s *best*
Epoch 33: tr_acc=0.9825 tr_loss=0.0481 val_acc=0.9808 val_loss=0.0581 lr=0.00130 dt=21.1s
Epoch 34: tr_acc=0.9834 tr_loss=0.0455 val_acc=0.9839 val_loss=0.0590 lr=0.00117 dt=21.0s *best*
Epoch 35: tr_acc=0.9837 tr_loss=0.0441 val_acc=0.9827 val_loss=0.0571 lr=0.00104 dt=20.6s
Epoch 36: tr_acc=0.9848 tr_loss=0.0422 val_acc=0.9806 val_loss=0.0615 lr=0.00091 dt=20.7s
Epoch 37: tr_acc=0.9853 tr_loss=0.0408 val_acc=0.9830 val_loss=0.0587 lr=0.00080 dt=20.6s
Epoch 38: tr_acc=0.9858 tr_loss=0.0393 val_acc=0.9778 val_loss=0.0636 lr=0.00069 dt=20.8s
Epoch 39: tr_acc=0.9860 tr_loss=0.0392 val_acc=0.9847 val_loss=0.0584 lr=0.00058 dt=20.8s *best*
Epoch 40: tr_acc=0.9862 tr_loss=0.0381 val_acc=0.9853 val_loss=0.0579 lr=0.00049 dt=20.4s *best*
Epoch 41: tr_acc=0.9865 tr_loss=0.0372 val_acc=0.9846 val_loss=0.0564 lr=0.00040 dt=20.6s
Epoch 42: tr_acc=0.9868 tr_loss=0.0365 val_acc=0.9781 val_loss=0.0615 lr=0.00032 dt=20.8s
Epoch 43: tr_acc=0.9872 tr_loss=0.0357 val_acc=0.9857 val_loss=0.0566 lr=0.00025 dt=20.7s *best*
Epoch 44: tr_acc=0.9876 tr_loss=0.0349 val_acc=0.9854 val_loss=0.0583 lr=0.00019 dt=20.8s
Epoch 45: tr_acc=0.9879 tr_loss=0.0342 val_acc=0.9858 val_loss=0.0568 lr=0.00013 dt=20.8s *best*
Epoch 46: tr_acc=0.9884 tr_loss=0.0335 val_acc=0.9865 val_loss=0.0560 lr=0.00009 dt=20.7s *best*
Epoch 47: tr_acc=0.9885 tr_loss=0.0333 val_acc=0.9864 val_loss=0.0560 lr=0.00005 dt=20.6s
Epoch 48: tr_acc=0.9882 tr_loss=0.0335 val_acc=0.9859 val_loss=0.0576 lr=0.00003 dt=20.8s
Epoch 49: tr_acc=0.9888 tr_loss=0.0327 val_acc=0.9866 val_loss=0.0568 lr=0.00001 dt=21.0s *best*
Epoch 50: tr_acc=0.9887 tr_loss=0.0330 val_acc=0.9867 val_loss=0.0576 lr=0.00001 dt=20.5s *best*
[best] epoch=50 val_acc=0.9867
[test] evaluating best model on test set…
[test] accuracy=0.9820 loss=0.0886

[test] classification report:
              precision    recall  f1-score   support

      Benign     0.9730    0.9720    0.9725      4000
    WebBased     0.8577    0.9789    0.9143      1090
    Spoofing     0.9719    0.9685    0.9702      4000
       Recon     0.9894    0.9585    0.9737      4000
       Mirai     1.0000    0.9992    0.9996      4000
         Dos     0.9997    0.9968    0.9982      4000
        DDos     0.9992    0.9992    0.9992      4000
  BruteForce     0.9639    0.9722    0.9680       467

    accuracy                         0.9820     25557
   macro avg     0.9694    0.9807    0.9745     25557
weighted avg     0.9828    0.9820    0.9822     25557


[test] confusion matrix:
[[3888   12   81   14    0    0    1    4]
 [   7 1067    5    7    0    0    0    4]
 [  80   32 3874    6    0    0    2    6]
 [  19  125   19 3834    0    1    0    2]
 [   1    1    1    0 3997    0    0    0]
 [   0    0    0   12    0 3987    0    1]
 [   0    1    0    2    0    0 3997    0]
 [   1    6    6    0    0    0    0  454]]
